[joamuran.net/docencia/psp/index.html]
[joamuran.net/docencia/css/main.css]
[backblue.gif]
[fade.gif]
[index.html]
[joamuran.net/docencia/psp/index.html]
[joamuran.net/docencia/css/main.css]
[joamuran.net/docencia/psp/u2/index.html]
[joamuran.net/docencia/psp/u1/index.html]
[joamuran.net/docencia/psp/u3/index.html]
[joamuran.net/docencia/psp/u4/index.html]
[joamuran.net/docencia/psp/u1/processos/index.html]
[joamuran.net/docencia/psp/u1/index.html]
[joamuran.net/docencia/psp/u1/programacioconcurrent/index.html]
[joamuran.net/docencia/psp/u2/index.html]
[joamuran.net/docencia/psp/u2/u2.threads/index.html]
[joamuran.net/docencia/psp/u3/index.html]
[joamuran.net/docencia/psp/u3/u3.comunicacions/index.html]
[joamuran.net/docencia/psp/u4/index.html]
[joamuran.net/docencia/psp/u4/u4.serveisrest/index.html]
[joamuran.net/docencia/psp/u1/img/estats.png]
[joamuran.net/docencia/psp/u1/processos/index.html]
[joamuran.net/docencia/psp/u1/img/InputStreamReader.png]
[joamuran.net/docencia/psp/u1/programacioconcurrent/index.html]
[joamuran.net/docencia/psp/u2/img/join.png]
[joamuran.net/docencia/psp/u2/u2.threads/index.html]
[joamuran.net/docencia/psp/u3/u3.comunicacions/index.html]
[joamuran.net/docencia/psp/u4/img/postman6.png]
[joamuran.net/docencia/psp/u4/img/postman7.png]
[joamuran.net/docencia/psp/u4/img/postman8.png]
[joamuran.net/docencia/psp/u4/img/postman9.png]
[joamuran.net/docencia/psp/u4/img/postman1.png]
[joamuran.net/docencia/psp/u4/img/postman3.png]
[joamuran.net/docencia/psp/u4/img/postman5.png]
[joamuran.net/docencia/psp/u4/u4.serveisrest/index.html]
[joamuran.net/docencia/psp/u1/processos/img/estats2.html]
[joamuran.net/docencia/psp/u1/processos/img/htop.html]
[joamuran.net/docencia/psp/u1/processos/img/ExempleSocat.html]
[joamuran.net/docencia/psp/u4/img/postman2.png]
[joamuran.net/docencia/psp/u4/img/postman4.png]
